
> frontend@0.0.0 build
> vite build

[36mvite v7.3.1 [32mbuilding client environment for production...[36m[39m
transforming...
[32mÔ£ô[39m 1936 modules transformed.
rendering chunks...
computing gzip size...
[2mdist/[22m[32mindex.html                                      [39m[1m[2m  0.92 kB[22m[1m[22m[2m Ôöé gzip:   0.51 kB[22m
[2mdist/[22m[32massets/logo-megaflex-DY82Mls7.png               [39m[1m[2m 38.13 kB[22m[1m[22m
[2mdist/[22m[32massets/logo-kartonsec-IIICR9-p.png              [39m[1m[2m 75.38 kB[22m[1m[22m
[2mdist/[22m[32massets/logo-membrana-BEmo2dT5.png               [39m[1m[2m 94.16 kB[22m[1m[22m
[2mdist/[22m[32massets/gallery-terraza-despues-B_SaYN0O.png     [39m[1m[2m575.20 kB[22m[1m[22m
[2mdist/[22m[32massets/gallery-nave-despues-DZeiYGpV.png        [39m[1m[2m687.22 kB[22m[1m[22m
[2mdist/[22m[32massets/gallery-comercial-despues-D_mO-LLL.png   [39m[1m[2m714.89 kB[22m[1m[22m
[2mdist/[22m[32massets/hero-impermeabilizacion-B157m6MU.png     [39m[1m[2m729.80 kB[22m[1m[22m
[2mdist/[22m[32massets/gallery-residencia-despues-BWS0lChg.png  [39m[1m[2m731.19 kB[22m[1m[22m
[2mdist/[22m[32massets/gallery-residencia-antes-d767U8Gn.png    [39m[1m[2m840.89 kB[22m[1m[22m
[2mdist/[22m[32massets/gallery-nave-antes-D92uJN0t.png          [39m[1m[2m895.86 kB[22m[1m[22m
[2mdist/[22m[32massets/gallery-comercial-antes-KYKqZzVf.png     [39m[1m[2m898.02 kB[22m[1m[22m
[2mdist/[22m[32massets/gallery-terraza-antes-DI_w8LP6.png       [39m[1m[2m937.32 kB[22m[1m[22m
[2mdist/[22m[35massets/index-DQkZPM_J.css                       [39m[1m[2m 91.50 kB[22m[1m[22m[2m Ôöé gzip:  14.80 kB[22m
[2mdist/[22m[36massets/index-CAh3yvct.js                        [39m[1m[33m692.02 kB[39m[22m[2m Ôöé gzip: 206.08 kB[22m
node.exe : [33m
En C:\Program Files\nodejs\npm.ps1: 
29 Carácter: 3
+   & $NODE_EXE $NPM_CLI_JS $args
+   ~~~~~~~~~~~~~~~~~~~~~~~~~~~~~
    + CategoryInfo          : 
NotSpec    ified: ([33m:String) [], 
RemoteE    xception
    + FullyQualifiedErrorId : 
NativeC    ommandError
 
(!) Some chunks are larger than 500 
kB after minification. Consider:
- Using dynamic import() to 
code-split the application
- Use build.rollupOptions.output.manu
alChunks to improve chunking: https:/
/rollupjs.org/configuration-options/#
output-manualchunks
- Adjust chunk size limit for this 
warning via 
build.chunkSizeWarningLimit.[39m
[32mÔ£ô built in 4.92s[39m
