  Determinando los proyectos que se van a restaurar...
  Se ha restaurado D:\Membranas-Echesortu\backend\src\Domain\Domain.csproj (en 60 ms).
  Se ha restaurado D:\Membranas-Echesortu\backend\src\Application\Application.csproj (en 61 ms).
  Se ha restaurado D:\Membranas-Echesortu\backend\tests\Application.Tests\Application.Tests.csproj (en 295 ms).
  Domain -> D:\Membranas-Echesortu\backend\src\Domain\bin\Debug\net8.0\Domain.dll
  Application -> D:\Membranas-Echesortu\backend\src\Application\bin\Debug\net8.0\Application.dll
D:\Membranas-Echesortu\backend\tests\Application.Tests\SaleServiceTests.cs(38,27): error CS7036: No se ha dado ning├║n argumento que corresponda al par├ímetro requerido "ClientId" de "SaleRequest.SaleRequest(int?, List<SaleDetailRequest>)" [D:\Membranas-Echesortu\backend\tests\Application.Tests\Application.Tests.csproj]
D:\Membranas-Echesortu\backend\tests\Application.Tests\SaleServiceTests.cs(42,21): error CS7036: No se ha dado ning├║n argumento que corresponda al par├ímetro requerido "ProductVariantId" de "SaleDetailRequest.SaleDetailRequest(int, int)" [D:\Membranas-Echesortu\backend\tests\Application.Tests\Application.Tests.csproj]
D:\Membranas-Echesortu\backend\tests\Application.Tests\SaleServiceTests.cs(58,27): error CS7036: No se ha dado ning├║n argumento que corresponda al par├ímetro requerido "ClientId" de "SaleRequest.SaleRequest(int?, List<SaleDetailRequest>)" [D:\Membranas-Echesortu\backend\tests\Application.Tests\Application.Tests.csproj]
D:\Membranas-Echesortu\backend\tests\Application.Tests\SaleServiceTests.cs(62,21): error CS7036: No se ha dado ning├║n argumento que corresponda al par├ímetro requerido "ProductVariantId" de "SaleDetailRequest.SaleDetailRequest(int, int)" [D:\Membranas-Echesortu\backend\tests\Application.Tests\Application.Tests.csproj]
D:\Membranas-Echesortu\backend\tests\Application.Tests\SaleServiceTests.cs(82,27): error CS7036: No se ha dado ning├║n argumento que corresponda al par├ímetro requerido "ClientId" de "SaleRequest.SaleRequest(int?, List<SaleDetailRequest>)" [D:\Membranas-Echesortu\backend\tests\Application.Tests\Application.Tests.csproj]
D:\Membranas-Echesortu\backend\tests\Application.Tests\SaleServiceTests.cs(86,21): error CS7036: No se ha dado ning├║n argumento que corresponda al par├ímetro requerido "ProductVariantId" de "SaleDetailRequest.SaleDetailRequest(int, int)" [D:\Membranas-Echesortu\backend\tests\Application.Tests\Application.Tests.csproj]
D:\Membranas-Echesortu\backend\tests\Application.Tests\SaleServiceTests.cs(112,30): error CS0854: Un ├írbol de expresi├│n no puede contener una llamada o invocaci├│n que use argumentos opcionales [D:\Membranas-Echesortu\backend\tests\Application.Tests\Application.Tests.csproj]

ERROR al compilar.

D:\Membranas-Echesortu\backend\tests\Application.Tests\SaleServiceTests.cs(38,27): error CS7036: No se ha dado ning├║n argumento que corresponda al par├ímetro requerido "ClientId" de "SaleRequest.SaleRequest(int?, List<SaleDetailRequest>)" [D:\Membranas-Echesortu\backend\tests\Application.Tests\Application.Tests.csproj]
D:\Membranas-Echesortu\backend\tests\Application.Tests\SaleServiceTests.cs(42,21): error CS7036: No se ha dado ning├║n argumento que corresponda al par├ímetro requerido "ProductVariantId" de "SaleDetailRequest.SaleDetailRequest(int, int)" [D:\Membranas-Echesortu\backend\tests\Application.Tests\Application.Tests.csproj]
D:\Membranas-Echesortu\backend\tests\Application.Tests\SaleServiceTests.cs(58,27): error CS7036: No se ha dado ning├║n argumento que corresponda al par├ímetro requerido "ClientId" de "SaleRequest.SaleRequest(int?, List<SaleDetailRequest>)" [D:\Membranas-Echesortu\backend\tests\Application.Tests\Application.Tests.csproj]
D:\Membranas-Echesortu\backend\tests\Application.Tests\SaleServiceTests.cs(62,21): error CS7036: No se ha dado ning├║n argumento que corresponda al par├ímetro requerido "ProductVariantId" de "SaleDetailRequest.SaleDetailRequest(int, int)" [D:\Membranas-Echesortu\backend\tests\Application.Tests\Application.Tests.csproj]
D:\Membranas-Echesortu\backend\tests\Application.Tests\SaleServiceTests.cs(82,27): error CS7036: No se ha dado ning├║n argumento que corresponda al par├ímetro requerido "ClientId" de "SaleRequest.SaleRequest(int?, List<SaleDetailRequest>)" [D:\Membranas-Echesortu\backend\tests\Application.Tests\Application.Tests.csproj]
D:\Membranas-Echesortu\backend\tests\Application.Tests\SaleServiceTests.cs(86,21): error CS7036: No se ha dado ning├║n argumento que corresponda al par├ímetro requerido "ProductVariantId" de "SaleDetailRequest.SaleDetailRequest(int, int)" [D:\Membranas-Echesortu\backend\tests\Application.Tests\Application.Tests.csproj]
D:\Membranas-Echesortu\backend\tests\Application.Tests\SaleServiceTests.cs(112,30): error CS0854: Un ├írbol de expresi├│n no puede contener una llamada o invocaci├│n que use argumentos opcionales [D:\Membranas-Echesortu\backend\tests\Application.Tests\Application.Tests.csproj]
    0 Advertencia(s)
    7 Errores

Tiempo transcurrido 00:00:01.71
